[Licensing::Module] Trying to connect to existing licensing client channel...
Built from '6000.3/staging' branch; Version is '6000.3.23f1 (09d2ecc7fb28) revision 643820'; Using compiler version '194234433'; Build Type 'Release'
OS: 'Windows 11  (10.0.26200) Core' Language: 'ru' Physical Memory: 15996 MB
BatchMode: 1, IsHumanControllingUs: 0, StartBugReporterOnCrash: 0, Is64bit: 1
System  architecture: x64
Process architecture: x64
Date: 2026-09-25T04:11:43Z
[Licensing::IpcConnector] Channel LicenseClient-user doesn't exist
[Licensing::Module] Successfully launched the LicensingClient (PId: 23252)

COMMAND LINE ARGUMENTS:
C:\Program Files\Unity\Hub\Editor\6000.3.23f1\Editor\Unity.exe
-batchmode
-quit
-projectPath
C:\Users\user\Desktop\game 1\.utmp\runner-review
-executeMethod
RunnerReview.Run
-logFile
C:\Users\user\Desktop\game 1\AssetProduction\Reviews\Runner\Unity__v001.log
Successfully changed project path to: C:\Users\user\Desktop\game 1\.utmp\runner-review
C:/Users/user/Desktop/game 1/.utmp/runner-review
[UnityMemory] Configuration Parameters - Can be set up in boot.config
    "memorysetup-temp-allocator-size-nav-mesh-worker=65536"
    "memorysetup-temp-allocator-size-audio-worker=65536"
    "memorysetup-temp-allocator-size-gfx=262144"
    "memorysetup-allocator-temp-initial-block-size-main=262144"
    "memorysetup-allocator-temp-initial-block-size-worker=262144"
    "memorysetup-temp-allocator-size-background-worker=32768"
    "memorysetup-temp-allocator-size-job-worker=262144"
    "memorysetup-temp-allocator-size-preload-manager=33554432"
    "memorysetup-remapper-allocator-initial-capacity=32768"
    "memorysetup-temp-allocator-size-gi-baking-worker=262144"
    "memorysetup-temp-allocator-size-gi-baking-worker=262144"
    "memorysetup-temp-allocator-size-gi-baking-worker=262144"
    "memorysetup-temp-allocator-size-gi-baking-worker=262144"
    "memorysetup-temp-allocator-size-gi-baking-worker=262144"
    "memorysetup-bucket-allocator-granularity=16"
    "memorysetup-bucket-allocator-bucket-count=8"
    "memorysetup-bucket-allocator-block-size=33554432"
    "memorysetup-bucket-allocator-block-count=8"
    "memorysetup-main-allocator-block-size=16777216"
    "memorysetup-thread-allocator-block-size=16777216"
    "memorysetup-gfx-main-allocator-block-size=16777216"
    "memorysetup-gfx-thread-allocator-block-size=16777216"
    "memorysetup-cache-allocator-block-size=4194304"
    "memorysetup-typetree-allocator-block-size=2097152"
    "memorysetup-profiler-bucket-allocator-granularity=16"
    "memorysetup-profiler-bucket-allocator-bucket-count=8"
    "memorysetup-profiler-bucket-allocator-block-size=33554432"
    "memorysetup-profiler-bucket-allocator-block-count=8"
    "memorysetup-profiler-allocator-block-size=16777216"
    "memorysetup-profiler-editor-allocator-block-size=1048576"
    "memorysetup-temp-allocator-size-main=16777216"
    "memorysetup-job-temp-allocator-block-size=2097152"
    "memorysetup-job-temp-allocator-block-size-background=1048576"
    "memorysetup-job-temp-allocator-reduction-small-platforms=262144"
    "memorysetup-temp-allocator-size-cloud-worker=32768"
Player connection [23436]  Target information:

Player connection [23436]  * "[IP] 172.17.32.1 [Port] 55504 [Flags] 2 [Guid] 797215115 [EditorId] 797215115 [Version] 1048832 [Id] WindowsEditor(7,SamsungGalaxyPro-Suleiman) [Debug] 1 [PackageName] WindowsEditor [ProjectName] Editor" 

Player connection [23436]  * "[IP] 192.168.1.44 [Port] 55504 [Flags] 2 [Guid] 797215115 [EditorId] 797215115 [Version] 1048832 [Id] WindowsEditor(7,SamsungGalaxyPro-Suleiman) [Debug] 1 [PackageName] WindowsEditor [ProjectName] Editor" 

Player connection [23436] Host joined multi-casting on [225.0.0.222:54997]...
Player connection [23436] Host joined alternative multi-casting on [225.0.0.222:34997]...
Input System module state changed to: Initialized.
[Physics::Module] Initialized fallback backend.
[Physics::Module] Id: 0xdecafbad
[Licensing::IpcConnector] Successfully connected to: "LicenseClient-user" at "2026-09-25T04:11:43.7330809Z"
[Licensing::Client] Code 10 while verifying Licensing Client signature (process Id: 23252, path: "C:/Program Files/Unity/Hub/Editor/6000.3.23f1/Editor/Data/Resources/Licensing/Client/Unity.Licensing.Client.exe")
[Licensing::Module] LicensingClient has failed validation; ignoring
[Licensing::Client] Handshaking with LicensingClient:
  Version:                 1.18.3+d7ffd15
  Session Id:              0b0fe059a3e2496f91175c5b72e84723
  Correlation Id:          ce0009f4b5f032f906ecd2bd8ac00101
  External correlation Id: 4274030845534905261
  Machine Id:              8dTvhmb+peyLDXX/4fCntrXsBm8=
[Licensing::Module] Successfully connected to LicensingClient on channel: "LicenseClient-user" (connect: 0.57s, validation: 0.09s, handshake: 0.05s)
[Licensing::IpcConnector] Successfully connected to: "LicenseClient-user-notifications" at "2026-09-25T04:11:43.8753626Z"
[Licensing::Module] Connected to LicensingClient (PId: 23252, launch time: 0.01, total connection time: 0.71s)
[Licensing::Module] Error: Access token is unavailable; failed to update
[Package Manager] Connected to IPC stream "Upm-26172" after 0.4 seconds.
[Licensing::Module] Licensing is not yet initialized.
[Licensing::Client] Successfully resolved entitlement details
[Licensing::Module] License group:
  Id: 18968504158668-UnityPersXXXX
  Product: Unity Personal
  Type: Assigned
  Expiration: Unlimited
[Licensing::Client] Successfully updated license, isAsync: True, time: 0.02
[Licensing::Client] Successfully resolved entitlement details
[Licensing::Module] Licensing Background thread has ended after 0.80s
[Licensing::Module] Licensing is initialized (took 0.05s).
[Licensing::Client] Successfully resolved entitlement details
Library Redirect Path: Library/
[Physics::Module] Selected backend.
[Physics::Module] Name: PhysX
[Physics::Module] Id: 0xf2b8ea05
[Physics::Module] SDK Version: 4.1.2
[Physics::Module] Integration Version: 1.0.0
[Physics::Module] Threading Mode: Multi-Threaded
Artifact Garbage Collection - Removed 2 unused hashed content files
Refreshing native plugins compatible for Editor in 0.00 ms, found 0 plugins.
Preloading 0 native plugins for Editor in 0.00 ms.
Initialize engine version: 6000.3.23f1 (09d2ecc7fb28)
[Subsystems] Discovering subsystems at path C:/Program Files/Unity/Hub/Editor/6000.3.23f1/Editor/Data/Resources/UnitySubsystems
[Subsystems] Discovering subsystems at path C:/Users/user/Desktop/game 1/.utmp/runner-review/Assets
GfxDevice: creating device client; kGfxThreadingModeNonThreaded
d3d12: failed to query info queue interface (0x80004002).
Direct3D:
    Version:         Direct3D 12 [level 12.1]
    Renderer:        Intel(R) Iris(R) Xe Graphics (ID=0x46a6)
    Vendor:          Intel
    VRAM:            7998 MB
    App VRAM Budget: 7342 MB
    Driver:          31.0.101.3616
    Unified Memory Architecture
    Cache Coherent UMA
Initialize mono
Mono path[0] = 'C:/Program Files/Unity/Hub/Editor/6000.3.23f1/Editor/Data/Managed'
Mono path[1] = 'C:/Program Files/Unity/Hub/Editor/6000.3.23f1/Editor/Data/MonoBleedingEdge/lib/mono/unityjit-win32'
Mono config path = 'C:/Program Files/Unity/Hub/Editor/6000.3.23f1/Editor/Data/MonoBleedingEdge/etc'
Using monoOptions --debugger-agent=transport=dt_socket,embedding=1,server=y,suspend=n,address=127.0.0.1:56172
Using cacheserver namespaces - metadata:defaultmetadata, artifacts:defaultartifacts
Using cacheserver namespaces - metadata:defaultmetadata, artifacts:defaultartifacts
ImportWorker Server TCP listen port: 0
AcceleratorClientConnectionCallback - disconnected - :0
Begin MonoManager ReloadAssembly
Registering precompiled unity dll's ...
Register platform support module: C:/Program Files/Unity/Hub/Editor/6000.3.23f1/Editor/Data/PlaybackEngines/WindowsStandaloneSupport/UnityEditor.WindowsStandalone.Extensions.dll
[Licensing::Client] Successfully resolved entitlement details
Register platform support module: C:/Program Files/Unity/Hub/Editor/6000.3.23f1/Editor/Data/PlaybackEngines/AndroidPlayer/UnityEditor.Android.Extensions.dll
Registered in 0.010141 seconds.
- Loaded All Assemblies, in  0.806 seconds
Native extension for Android target not found
Native extension for WindowsStandalone target not found
Package Manager log level set to [2]
ScheduleIndexationOnStartup MainProcess:False IndexOnStartup:False
Mono: successfully reloaded assembly
- Finished resetting the current domain, in  0.759 seconds
Domain Reload Profiling: 1562ms
	BeginReloadAssembly (280ms)
		ExecutionOrderSort (0ms)
		DisableScriptedObjects (0ms)
		BackupInstance (0ms)
		ReleaseScriptingObjects (0ms)
		CreateAndSetChildDomain (6ms)
	RebuildCommonClasses (87ms)
	RebuildNativeTypeToScriptingClass (19ms)
	initialDomainReloadingComplete (103ms)
	LoadAllAssembliesAndSetupDomain (313ms)
		LoadAssemblies (269ms)
		RebuildTransferFunctionScriptingTraits (0ms)
		AnalyzeDomain (308ms)
			TypeCache.Refresh (304ms)
				TypeCache.ScanAssembly (281ms)
			BuildScriptInfoCaches (0ms)
			ResolveRequiredComponents (1ms)
	FinalizeReload (760ms)
		ReleaseScriptCaches (0ms)
		RebuildScriptCaches (0ms)
		SetupLoadedEditorAssemblies (692ms)
			LogAssemblyErrors (0ms)
			InitializePlatformSupportModulesInManaged (111ms)
			SetLoadedEditorAssemblies (9ms)
			BeforeProcessingInitializeOnLoad (156ms)
			ProcessInitializeOnLoadAttributes (288ms)
			ProcessInitializeOnLoadMethodAttributes (128ms)
			AfterProcessingInitializeOnLoad (0ms)
			EditorAssembliesLoaded (0ms)
		ExecutionOrderSort2 (0ms)
		AwakeInstancesAfterBackupRestoration (0ms)
[Licensing::Client] Successfully resolved entitlement details
Application.AssetDatabase Initial Refresh Start
[Package Manager] Restoring resolved packages state from cache
[Licensing::Client] Successfully resolved entitlement details
[Package Manager] Registered 7 packages:
  Built-in packages:
    com.unity.ugui@2.0.0 (location: C:\Users\user\Desktop\game 1\.utmp\runner-review\Library\PackageCache\com.unity.ugui@27635d171b1a)
    com.unity.modules.animation@1.0.0 (location: C:\Users\user\Desktop\game 1\.utmp\runner-review\Library\PackageCache\com.unity.modules.animation)
    com.unity.modules.imageconversion@1.0.0 (location: C:\Users\user\Desktop\game 1\.utmp\runner-review\Library\PackageCache\com.unity.modules.imageconversion)
    com.unity.modules.jsonserialize@1.0.0 (location: C:\Users\user\Desktop\game 1\.utmp\runner-review\Library\PackageCache\com.unity.modules.jsonserialize)
    com.unity.modules.particlesystem@1.0.0 (location: C:\Users\user\Desktop\game 1\.utmp\runner-review\Library\PackageCache\com.unity.modules.particlesystem)
    com.unity.modules.ui@1.0.0 (location: C:\Users\user\Desktop\game 1\.utmp\runner-review\Library\PackageCache\com.unity.modules.ui)
    com.unity.modules.imgui@1.0.0 (location: C:\Users\user\Desktop\game 1\.utmp\runner-review\Library\PackageCache\com.unity.modules.imgui)
[Subsystems] No new subsystems found in resolved package list.
[Package Manager] Done registering packages in 0.01 seconds
[ScriptCompilation] Requested script compilation because: Assetdatabase observed changes in script compilation related files
Starting: C:\Program Files\Unity\Hub\Editor\6000.3.23f1\Editor\Data\Tools\BuildPipeline\bee_backend.exe --ipc --defer-dag-verification --dagfile="Library/Bee/1900b0aE.dag" --continue-on-failure --profile="Library/Bee/backend1.traceevents" ScriptAssemblies
WorkingDir: C:/Users/user/Desktop/game 1/.utmp/runner-review
DisplayProgressbar: Compiling Scripts
ExitCode: 0 Duration: 0s558ms
[201/204    0s] Csc Library/Bee/artifacts/1900b0aE.dag/Assembly-CSharp-Editor.dll (+2 others)
[202/204    0s] CopyFiles Library/ScriptAssemblies/Assembly-CSharp-Editor.pdb
[203/204    0s] CopyFiles Library/ScriptAssemblies/Assembly-CSharp-Editor.dll
*** Tundra build success (0.50 seconds), 3 items updated, 204 evaluated
AssetDatabase: script compilation time: 1.235401s
Begin MonoManager ReloadAssembly
Total cache size 69675653
Total cache size after purge 69675653, took 00:00:00.1211983
- Loaded All Assemblies, in  0.733 seconds
Refreshing native plugins compatible for Editor in 0.00 ms, found 0 plugins.
Native extension for Android target not found
Native extension for WindowsStandalone target not found
ScheduleIndexationOnStartup MainProcess:True IndexOnStartup:True
Mono: successfully reloaded assembly
- Finished resetting the current domain, in  0.849 seconds
Domain Reload Profiling: 1577ms
	BeginReloadAssembly (420ms)
		ExecutionOrderSort (0ms)
		DisableScriptedObjects (72ms)
		BackupInstance (0ms)
		ReleaseScriptingObjects (0ms)
		CreateAndSetChildDomain (73ms)
	RebuildCommonClasses (53ms)
	RebuildNativeTypeToScriptingClass (18ms)
	initialDomainReloadingComplete (37ms)
	LoadAllAssembliesAndSetupDomain (199ms)
		LoadAssemblies (356ms)
		RebuildTransferFunctionScriptingTraits (0ms)
		AnalyzeDomain (42ms)
			TypeCache.Refresh (31ms)
				TypeCache.ScanAssembly (21ms)
			BuildScriptInfoCaches (4ms)
			ResolveRequiredComponents (4ms)
	FinalizeReload (850ms)
		ReleaseScriptCaches (0ms)
		RebuildScriptCaches (0ms)
		SetupLoadedEditorAssemblies (593ms)
			LogAssemblyErrors (0ms)
			InitializePlatformSupportModulesInManaged (59ms)
			SetLoadedEditorAssemblies (4ms)
			BeforeProcessingInitializeOnLoad (234ms)
			ProcessInitializeOnLoadAttributes (191ms)
			ProcessInitializeOnLoadMethodAttributes (96ms)
			AfterProcessingInitializeOnLoad (8ms)
			EditorAssembliesLoaded (0ms)
		ExecutionOrderSort2 (0ms)
		AwakeInstancesAfterBackupRestoration (34ms)
Refreshing native plugins compatible for Editor in 0.00 ms, found 0 plugins.
Preloading 0 native plugins for Editor in 0.00 ms.
Asset Pipeline Refresh (id=b31bfbd2b6301fb4ba790d395bc7719b): Total: 3.200 seconds - Initiated by InitialRefreshV2(ForceSynchronousImport)
	Summary:
		Imports: total=0 (actual=0, local cache=0, cache server=0)
		Asset DB Process Time: managed=0 ms, native=1092 ms
		Asset DB Callback time: managed=94 ms, native=17 ms
		Scripting: domain reloads=1, domain reload time=733 ms, compile time=1240 ms, other=21 ms
		Project Asset Count: scripts=122, non-scripts=61
		Asset File Changes: new=0, changed=1, moved=0, deleted=0
		Scan Filter Count: 0
	InvokeCustomDependenciesCallbacks: 0.002ms
	InvokePackagesCallback: 15.161ms
	ApplyChangesToAssetFolders: 0.532ms
	Scan: 85.342ms
	OnSourceAssetsModified: 1.062ms
	CategorizeAssetsWithTransientArtifact: 1.998ms
	ProcessAssetsWithTransientArtifactChanges: 9.550ms
	CategorizeAssets: 1.775ms
	ImportOutOfDateAssets: 852.033ms (-388.123ms without children)
		CompileScripts: 1239.542ms
		ReloadNativeAssets: 0.001ms
		UnloadImportedAssets: 0.178ms
		EnsureUptoDateAssetsAreRegisteredWithGuidPM: 0.069ms
		InitializingProgressBar: 0.001ms
		PostProcessAllAssetNotificationsAddChangedAssets: 0.001ms
		OnDemandSchedulerStart: 0.364ms
	PostProcessAllAssets: 97.334ms
	Hotreload: 4.172ms
	GatherAllCurrentPrimaryArtifactRevisions: 0.003ms
	UnloadStreamsBegin: 1.835ms
	PersistCurrentRevisions: 0.013ms
	UnloadStreamsEnd: 0.004ms
	GenerateScriptTypeHashes: 0.002ms
	Untracked: 2129.094ms

Application.AssetDatabase Initial Refresh End
Launched and connected shader compiler UnityShaderCompiler.exe after 0.02 seconds
Scanning for USB devices : 0.999ms
Initializing Unity extensions:
[MODES] ModeService[none].Initialize
[MODES] ModeService[none].LoadModes
[MODES] Loading mode Default (0) for mode-current-id-runner-review
Unloading 3 Unused Serialized files (Serialized files now loaded: 0)
Unloading 369 unused Assets / (0.6 MB). Loaded Objects now: 998.
Memory consumption went from 91.3 MB to 90.7 MB.
Total: 7.539800 ms (FindLiveObjects: 0.095700 ms CreateObjectMapping: 0.022400 ms MarkObjects: 6.865400 ms  DeleteObjects: 0.553700 ms)

Asset Pipeline Refresh (id=ab081e417c76fb04db129cfd7f336bb1): Total: 0.024 seconds - Initiated by RefreshV2(NoUpdateAssetOptions)
Start importing Assets/Production/CHAR_runner/CHAR_runner__model__v001.fbx using Guid(3d42800228fb3f54098eaa790db9d662) (FBXImporter) -> (artifact id: '66891664f80bcd250f33d12de00ce91e') in 0.1175102 seconds
Refreshing native plugins compatible for Editor in 0.01 ms, found 0 plugins.
Preloading 0 native plugins for Editor in 0.00 ms.
Asset Pipeline Refresh (id=4052ae7c2c6e8c244b184f68601a6200): Total: 0.196 seconds - Initiated by StopAssetImportingV2(NoUpdateAssetOptions)
Start importing Assets/Production/CHAR_runner/CHAR_runner__model__v001.fbx using Guid(3d42800228fb3f54098eaa790db9d662) (FBXImporter) -> (artifact id: 'e191dc3a46888e6501eeaac79839f0db') in 0.1037766 seconds
Refreshing native plugins compatible for Editor in 0.00 ms, found 0 plugins.
Preloading 0 native plugins for Editor in 0.00 ms.
Asset Pipeline Refresh (id=287944afddd61b842b460f81029b4a51): Total: 0.155 seconds - Initiated by StopAssetImportingV2(NoUpdateAssetOptions)
Start importing Assets/Production/CHAR_runner/CHAR_runner__v001__basecolor.png using Guid(c738739802646f64582316bda5ce4383) (TextureImporter) -> (artifact id: '2b2d2f51d57ee11b1f5603e811a895db') in 0.2479298 seconds
Refreshing native plugins compatible for Editor in 0.01 ms, found 0 plugins.
Preloading 0 native plugins for Editor in 0.00 ms.
Asset Pipeline Refresh (id=9ee0a30965719dc47a7c1ac9e1c753c9): Total: 0.266 seconds - Initiated by StopAssetImportingV2(NoUpdateAssetOptions)
Asset Pipeline Refresh (id=33dfeeecc04995e47ab05ac20bc6b189): Total: 0.011 seconds - Initiated by StopAssetImportingV2(NoUpdateAssetOptions)
Start importing Assets/Production/CHAR_runner/RunnerReview.controller using Guid(f4ae15b9460fa8442aaa0562ef0872d6) (NativeFormatImporter) -> (artifact id: 'aff8b65357597e9da6f267adeaad49cf') in 0.0058172 seconds
Refreshing native plugins compatible for Editor in 0.00 ms, found 0 plugins.
Preloading 0 native plugins for Editor in 0.00 ms.
Asset Pipeline Refresh (id=62cf513cd26b7b0499bf5ca5a6f59dfa): Total: 0.021 seconds - Initiated by StopAssetImportingV2(NoUpdateAssetOptions)
Start importing Assets/Production/CHAR_runner/ANIM_idle__v001.fbx using Guid(70c4f12e55b6d744d91e068145d8dc14) (FBXImporter)File 'ANIM_idle__v001' has animation import warnings. See Import Messages in Animation Import Settings for more details.
UnityEngine.Debug:ExtractStackTraceNoAlloc (byte*,int,string)
UnityEngine.StackTraceUtility:ExtractStackTrace ()
UnityEditor.AssetDatabase:ImportAsset (string,UnityEditor.ImportAssetOptions)
UnityEditor.AssetDatabase:ImportAsset (string)
UnityEditor.AssetImporter:SaveAndReimport ()
RunnerReview:Run () (at Assets/Editor/UnityRunnerReview.cs:71)

[Assets/Editor/UnityRunnerReview.cs line 71]

 -> (artifact id: '09c706539b7fd231bd659d9e3f584085') in 0.0990141 seconds
Refreshing native plugins compatible for Editor in 0.01 ms, found 0 plugins.
Preloading 0 native plugins for Editor in 0.00 ms.
Asset Pipeline Refresh (id=5038680f9e9db2b46b4aa4c837b67a3b): Total: 0.122 seconds - Initiated by StopAssetImportingV2(NoUpdateAssetOptions)
Start importing Assets/Production/CHAR_runner/ANIM_idle__v001.fbx using Guid(70c4f12e55b6d744d91e068145d8dc14) (FBXImporter)File 'ANIM_idle__v001' has animation import warnings. See Import Messages in Animation Import Settings for more details.
UnityEngine.Debug:ExtractStackTraceNoAlloc (byte*,int,string)
UnityEngine.StackTraceUtility:ExtractStackTrace ()
UnityEditor.AssetDatabase:ImportAsset (string,UnityEditor.ImportAssetOptions)
UnityEditor.AssetDatabase:ImportAsset (string)
UnityEditor.AssetImporter:SaveAndReimport ()
RunnerReview:Run () (at Assets/Editor/UnityRunnerReview.cs:79)

[Assets/Editor/UnityRunnerReview.cs line 79]

 -> (artifact id: '09c706539b7fd231bd659d9e3f584085') in 0.050723 seconds
Refreshing native plugins compatible for Editor in 0.00 ms, found 0 plugins.
Preloading 0 native plugins for Editor in 0.00 ms.
Asset Pipeline Refresh (id=7db811f3e358857408a736581e187f22): Total: 0.069 seconds - Initiated by StopAssetImportingV2(NoUpdateAssetOptions)
Asset Pipeline Refresh (id=ca0da4154b77378478ab748fb3a6b4b6): Total: 0.001 seconds - Initiated by StopAssetImportingV2(NoUpdateAssetOptions)
Start importing Assets/Production/CHAR_runner/ANIM_preview__v001.fbx using Guid(470f74be635ac3b438dcf83f173907a0) (FBXImporter)File 'ANIM_preview__v001' has animation import warnings. See Import Messages in Animation Import Settings for more details.
UnityEngine.Debug:ExtractStackTraceNoAlloc (byte*,int,string)
UnityEngine.StackTraceUtility:ExtractStackTrace ()
UnityEditor.AssetDatabase:ImportAsset (string,UnityEditor.ImportAssetOptions)
UnityEditor.AssetDatabase:ImportAsset (string)
UnityEditor.AssetImporter:SaveAndReimport ()
RunnerReview:Run () (at Assets/Editor/UnityRunnerReview.cs:71)

[Assets/Editor/UnityRunnerReview.cs line 71]

 -> (artifact id: '2f9b99b58e03e92b860c00a2fd84a81b') in 0.0889344 seconds
Refreshing native plugins compatible for Editor in 0.00 ms, found 0 plugins.
Preloading 0 native plugins for Editor in 0.00 ms.
Asset Pipeline Refresh (id=685e4f6015fa5f14fae38298b1d35cce): Total: 0.101 seconds - Initiated by StopAssetImportingV2(NoUpdateAssetOptions)
Start importing Assets/Production/CHAR_runner/ANIM_preview__v001.fbx using Guid(470f74be635ac3b438dcf83f173907a0) (FBXImporter)File 'ANIM_preview__v001' has animation import warnings. See Import Messages in Animation Import Settings for more details.
UnityEngine.Debug:ExtractStackTraceNoAlloc (byte*,int,string)
UnityEngine.StackTraceUtility:ExtractStackTrace ()
UnityEditor.AssetDatabase:ImportAsset (string,UnityEditor.ImportAssetOptions)
UnityEditor.AssetDatabase:ImportAsset (string)
UnityEditor.AssetImporter:SaveAndReimport ()
RunnerReview:Run () (at Assets/Editor/UnityRunnerReview.cs:79)

[Assets/Editor/UnityRunnerReview.cs line 79]

 -> (artifact id: '2f9b99b58e03e92b860c00a2fd84a81b') in 0.0540615 seconds
Refreshing native plugins compatible for Editor in 0.00 ms, found 0 plugins.
Preloading 0 native plugins for Editor in 0.00 ms.
Asset Pipeline Refresh (id=a72c98d387a95be4eae3dc5ecad89421): Total: 0.067 seconds - Initiated by StopAssetImportingV2(NoUpdateAssetOptions)
Asset Pipeline Refresh (id=834f3c0a19596fa438b38d4490984b60): Total: 0.001 seconds - Initiated by StopAssetImportingV2(NoUpdateAssetOptions)
Start importing Assets/Production/CHAR_runner/ANIM_risk_win__v001.fbx using Guid(f06543373e8d84947a3a54e20f7b608f) (FBXImporter)File 'ANIM_risk_win__v001' has animation import warnings. See Import Messages in Animation Import Settings for more details.
UnityEngine.Debug:ExtractStackTraceNoAlloc (byte*,int,string)
UnityEngine.StackTraceUtility:ExtractStackTrace ()
UnityEditor.AssetDatabase:ImportAsset (string,UnityEditor.ImportAssetOptions)
UnityEditor.AssetDatabase:ImportAsset (string)
UnityEditor.AssetImporter:SaveAndReimport ()
RunnerReview:Run () (at Assets/Editor/UnityRunnerReview.cs:71)

[Assets/Editor/UnityRunnerReview.cs line 71]

 -> (artifact id: '8c0ace683778285a03601ac829b9e097') in 0.0616035 seconds
Refreshing native plugins compatible for Editor in 0.01 ms, found 0 plugins.
Preloading 0 native plugins for Editor in 0.00 ms.
Asset Pipeline Refresh (id=948aabfe45cc0d2458fdb84e4e8188ac): Total: 0.076 seconds - Initiated by StopAssetImportingV2(NoUpdateAssetOptions)
Start importing Assets/Production/CHAR_runner/ANIM_risk_win__v001.fbx using Guid(f06543373e8d84947a3a54e20f7b608f) (FBXImporter)File 'ANIM_risk_win__v001' has animation import warnings. See Import Messages in Animation Import Settings for more details.
UnityEngine.Debug:ExtractStackTraceNoAlloc (byte*,int,string)
UnityEngine.StackTraceUtility:ExtractStackTrace ()
UnityEditor.AssetDatabase:ImportAsset (string,UnityEditor.ImportAssetOptions)
UnityEditor.AssetDatabase:ImportAsset (string)
UnityEditor.AssetImporter:SaveAndReimport ()
RunnerReview:Run () (at Assets/Editor/UnityRunnerReview.cs:79)

[Assets/Editor/UnityRunnerReview.cs line 79]

 -> (artifact id: '8c0ace683778285a03601ac829b9e097') in 0.0418554 seconds
Refreshing native plugins compatible for Editor in 0.00 ms, found 0 plugins.
Preloading 0 native plugins for Editor in 0.00 ms.
Asset Pipeline Refresh (id=a0a4575e0c0902b42ba642724efa1191): Total: 0.055 seconds - Initiated by StopAssetImportingV2(NoUpdateAssetOptions)
Asset Pipeline Refresh (id=463f32d59af6a464593811c00f201ae9): Total: 0.001 seconds - Initiated by StopAssetImportingV2(NoUpdateAssetOptions)
Start importing Assets/Production/CHAR_runner/ANIM_run__v001.fbx using Guid(4297d8a88fab77b4e95466f41b81e2b2) (FBXImporter)File 'ANIM_run__v001' has animation import warnings. See Import Messages in Animation Import Settings for more details.
UnityEngine.Debug:ExtractStackTraceNoAlloc (byte*,int,string)
UnityEngine.StackTraceUtility:ExtractStackTrace ()
UnityEditor.AssetDatabase:ImportAsset (string,UnityEditor.ImportAssetOptions)
UnityEditor.AssetDatabase:ImportAsset (string)
UnityEditor.AssetImporter:SaveAndReimport ()
RunnerReview:Run () (at Assets/Editor/UnityRunnerReview.cs:71)

[Assets/Editor/UnityRunnerReview.cs line 71]

 -> (artifact id: '8608b155f55417ca6fcafaa05c5f6939') in 0.0578434 seconds
Refreshing native plugins compatible for Editor in 0.00 ms, found 0 plugins.
Preloading 0 native plugins for Editor in 0.00 ms.
Asset Pipeline Refresh (id=50acbe57844e9454c88ac1693e6a4349): Total: 0.070 seconds - Initiated by StopAssetImportingV2(NoUpdateAssetOptions)
Start importing Assets/Production/CHAR_runner/ANIM_run__v001.fbx using Guid(4297d8a88fab77b4e95466f41b81e2b2) (FBXImporter)File 'ANIM_run__v001' has animation import warnings. See Import Messages in Animation Import Settings for more details.
UnityEngine.Debug:ExtractStackTraceNoAlloc (byte*,int,string)
UnityEngine.StackTraceUtility:ExtractStackTrace ()
UnityEditor.AssetDatabase:ImportAsset (string,UnityEditor.ImportAssetOptions)
UnityEditor.AssetDatabase:ImportAsset (string)
UnityEditor.AssetImporter:SaveAndReimport ()
RunnerReview:Run () (at Assets/Editor/UnityRunnerReview.cs:79)

[Assets/Editor/UnityRunnerReview.cs line 79]

 -> (artifact id: '8608b155f55417ca6fcafaa05c5f6939') in 0.0602061 seconds
Refreshing native plugins compatible for Editor in 0.00 ms, found 0 plugins.
Preloading 0 native plugins for Editor in 0.00 ms.
Asset Pipeline Refresh (id=cec545a6060d8d24d86c3f3ed9fbb292): Total: 0.074 seconds - Initiated by StopAssetImportingV2(NoUpdateAssetOptions)
Asset Pipeline Refresh (id=4dba1243a009cc440aa7770b63f4666e): Total: 0.001 seconds - Initiated by StopAssetImportingV2(NoUpdateAssetOptions)
Start importing Assets/Production/CHAR_runner/ANIM_victory_dance__v001.fbx using Guid(b838f1ffe5d3e194b97d084f0b45a4f2) (FBXImporter)File 'ANIM_victory_dance__v001' has animation import warnings. See Import Messages in Animation Import Settings for more details.
UnityEngine.Debug:ExtractStackTraceNoAlloc (byte*,int,string)
UnityEngine.StackTraceUtility:ExtractStackTrace ()
UnityEditor.AssetDatabase:ImportAsset (string,UnityEditor.ImportAssetOptions)
UnityEditor.AssetDatabase:ImportAsset (string)
UnityEditor.AssetImporter:SaveAndReimport ()
RunnerReview:Run () (at Assets/Editor/UnityRunnerReview.cs:71)

[Assets/Editor/UnityRunnerReview.cs line 71]

 -> (artifact id: 'c567463597b6c5fe1925b68c5e106db2') in 0.0755021 seconds
Refreshing native plugins compatible for Editor in 0.00 ms, found 0 plugins.
Preloading 0 native plugins for Editor in 0.00 ms.
Asset Pipeline Refresh (id=7afe97864fa96544a855c3f3447dfaf3): Total: 0.100 seconds - Initiated by StopAssetImportingV2(NoUpdateAssetOptions)
Start importing Assets/Production/CHAR_runner/ANIM_victory_dance__v001.fbx using Guid(b838f1ffe5d3e194b97d084f0b45a4f2) (FBXImporter)File 'ANIM_victory_dance__v001' has animation import warnings. See Import Messages in Animation Import Settings for more details.
UnityEngine.Debug:ExtractStackTraceNoAlloc (byte*,int,string)
UnityEngine.StackTraceUtility:ExtractStackTrace ()
UnityEditor.AssetDatabase:ImportAsset (string,UnityEditor.ImportAssetOptions)
UnityEditor.AssetDatabase:ImportAsset (string)
UnityEditor.AssetImporter:SaveAndReimport ()
RunnerReview:Run () (at Assets/Editor/UnityRunnerReview.cs:79)

[Assets/Editor/UnityRunnerReview.cs line 79]

 -> (artifact id: 'c567463597b6c5fe1925b68c5e106db2') in 0.0487603 seconds
Refreshing native plugins compatible for Editor in 0.00 ms, found 0 plugins.
Preloading 0 native plugins for Editor in 0.00 ms.
Asset Pipeline Refresh (id=116a2fad6753a38468a652036d6042cf): Total: 0.061 seconds - Initiated by StopAssetImportingV2(NoUpdateAssetOptions)
Asset Pipeline Refresh (id=43e48ae98f2993347b27d5bd4eb6a3de): Total: 0.001 seconds - Initiated by StopAssetImportingV2(NoUpdateAssetOptions)
Start importing Assets/Production/CHAR_runner/ANIM_victory_jump__v001.fbx using Guid(bd5a59b6d7146484fa9e0c4acb63fc51) (FBXImporter)File 'ANIM_victory_jump__v001' has animation import warnings. See Import Messages in Animation Import Settings for more details.
UnityEngine.Debug:ExtractStackTraceNoAlloc (byte*,int,string)
UnityEngine.StackTraceUtility:ExtractStackTrace ()
UnityEditor.AssetDatabase:ImportAsset (string,UnityEditor.ImportAssetOptions)
UnityEditor.AssetDatabase:ImportAsset (string)
UnityEditor.AssetImporter:SaveAndReimport ()
RunnerReview:Run () (at Assets/Editor/UnityRunnerReview.cs:71)

[Assets/Editor/UnityRunnerReview.cs line 71]

 -> (artifact id: '3654591824dfbc23270e9752f3fe358e') in 0.0639619 seconds
Refreshing native plugins compatible for Editor in 0.00 ms, found 0 plugins.
Preloading 0 native plugins for Editor in 0.00 ms.
Asset Pipeline Refresh (id=575be3baaef8f964c8d18beeb6ec9567): Total: 0.076 seconds - Initiated by StopAssetImportingV2(NoUpdateAssetOptions)
Start importing Assets/Production/CHAR_runner/ANIM_victory_jump__v001.fbx using Guid(bd5a59b6d7146484fa9e0c4acb63fc51) (FBXImporter)File 'ANIM_victory_jump__v001' has animation import warnings. See Import Messages in Animation Import Settings for more details.
UnityEngine.Debug:ExtractStackTraceNoAlloc (byte*,int,string)
UnityEngine.StackTraceUtility:ExtractStackTrace ()
UnityEditor.AssetDatabase:ImportAsset (string,UnityEditor.ImportAssetOptions)
UnityEditor.AssetDatabase:ImportAsset (string)
UnityEditor.AssetImporter:SaveAndReimport ()
RunnerReview:Run () (at Assets/Editor/UnityRunnerReview.cs:79)

[Assets/Editor/UnityRunnerReview.cs line 79]

 -> (artifact id: '3654591824dfbc23270e9752f3fe358e') in 0.0563817 seconds
Refreshing native plugins compatible for Editor in 0.00 ms, found 0 plugins.
Preloading 0 native plugins for Editor in 0.00 ms.
Asset Pipeline Refresh (id=b3182fc8e222d5d43b799e49ce345717): Total: 0.074 seconds - Initiated by StopAssetImportingV2(NoUpdateAssetOptions)
Asset Pipeline Refresh (id=339133243d50f0544957b8bd0ee3d68d): Total: 0.001 seconds - Initiated by StopAssetImportingV2(NoUpdateAssetOptions)
Start importing Assets/Production/CHAR_runner/ANIM_victory_money_rain__v001.fbx using Guid(a64fc2da0b539ec4583f229e5c9ace0a) (FBXImporter)File 'ANIM_victory_money_rain__v001' has animation import warnings. See Import Messages in Animation Import Settings for more details.
UnityEngine.Debug:ExtractStackTraceNoAlloc (byte*,int,string)
UnityEngine.StackTraceUtility:ExtractStackTrace ()
UnityEditor.AssetDatabase:ImportAsset (string,UnityEditor.ImportAssetOptions)
UnityEditor.AssetDatabase:ImportAsset (string)
UnityEditor.AssetImporter:SaveAndReimport ()
RunnerReview:Run () (at Assets/Editor/UnityRunnerReview.cs:71)

[Assets/Editor/UnityRunnerReview.cs line 71]

 -> (artifact id: 'd01a3ed7e09816460fcae302114b956f') in 0.0614074 seconds
Refreshing native plugins compatible for Editor in 0.01 ms, found 0 plugins.
Preloading 0 native plugins for Editor in 0.00 ms.
Asset Pipeline Refresh (id=952adc5808a0f354f86e716f54c32df0): Total: 0.075 seconds - Initiated by StopAssetImportingV2(NoUpdateAssetOptions)
Start importing Assets/Production/CHAR_runner/ANIM_victory_money_rain__v001.fbx using Guid(a64fc2da0b539ec4583f229e5c9ace0a) (FBXImporter)File 'ANIM_victory_money_rain__v001' has animation import warnings. See Import Messages in Animation Import Settings for more details.
UnityEngine.Debug:ExtractStackTraceNoAlloc (byte*,int,string)
UnityEngine.StackTraceUtility:ExtractStackTrace ()
UnityEditor.AssetDatabase:ImportAsset (string,UnityEditor.ImportAssetOptions)
UnityEditor.AssetDatabase:ImportAsset (string)
UnityEditor.AssetImporter:SaveAndReimport ()
RunnerReview:Run () (at Assets/Editor/UnityRunnerReview.cs:79)

[Assets/Editor/UnityRunnerReview.cs line 79]

 -> (artifact id: 'd01a3ed7e09816460fcae302114b956f') in 0.0546139 seconds
Refreshing native plugins compatible for Editor in 0.00 ms, found 0 plugins.
Preloading 0 native plugins for Editor in 0.00 ms.
Asset Pipeline Refresh (id=6b3ff729f29a8284ca85ece72ce319ba): Total: 0.067 seconds - Initiated by StopAssetImportingV2(NoUpdateAssetOptions)
Asset Pipeline Refresh (id=0f0bc0480d872e343a77301a61e9f21b): Total: 0.001 seconds - Initiated by StopAssetImportingV2(NoUpdateAssetOptions)
Start importing Assets/Production/CHAR_runner/CHAR_runner_Visual.prefab using Guid(5d51ddd43a422054691b7df324c8592e) (PrefabImporter) -> (artifact id: '8a4cb6ce8428ac6a35131380ff96aec9') in 0.0103631 seconds
Refreshing native plugins compatible for Editor in 0.01 ms, found 0 plugins.
Preloading 0 native plugins for Editor in 0.00 ms.
Asset Pipeline Refresh (id=5aa4ac5f01d4e3f4aa3021d675d1acf4): Total: 0.042 seconds - Initiated by StopAssetImportingV2(NoUpdateAssetOptions)
Start importing Assets/Production/CHAR_runner/RunnerReview.controller using Guid(f4ae15b9460fa8442aaa0562ef0872d6) (NativeFormatImporter) -> (artifact id: '4df8bd8e970cce40a26e82791905737b') in 0.005382 seconds
Refreshing native plugins compatible for Editor in 0.01 ms, found 0 plugins.
Preloading 0 native plugins for Editor in 0.00 ms.
Asset Pipeline Refresh (id=ea928041486a1f045a441512b6f61f1a): Total: 0.029 seconds - Initiated by StopAssetImportingV2(NoUpdateAssetOptions)
Starting new worker id: 0 with log in C:/Users/user/Desktop/game 1/.utmp/runner-review/Logs/AssetImportWorker0.log
Starting new worker id: 1 with log in C:/Users/user/Desktop/game 1/.utmp/runner-review/Logs/AssetImportWorker1.log
Worker ready: AssetImportWorker0 0
Worker ready: AssetImportWorker1 1
[Worker0] Start importing Assets/Production/CHAR_runner/RunnerReview.controller using Guid(f4ae15b9460fa8442aaa0562ef0872d6) Importer(815301076,1909f56bfc062723c751e8b465ee728b) 
[Worker0] (PreviewImporter)
[Worker0]  -> (artifact id: 'beab8567434f7ec19d9ebeda59d272ed') in 0.0382098 seconds
[Worker0] Start importing Assets/Production/CHAR_runner/CHAR_runner_Visual.prefab using Guid(5d51ddd43a422054691b7df324c8592e) Importer(815301076,1909f56bfc062723c751e8b465ee728b) 
[Worker0] (PreviewImporter)
[Worker0]  -> (artifact id: '669579404fba5e0687dd975e6222777f') in 0.1435408 seconds
RUNNER_REVIEW_PASS
UnityEngine.Debug:ExtractStackTraceNoAlloc (byte*,int,string)
UnityEngine.StackTraceUtility:ExtractStackTrace ()
UnityEngine.DebugLogHandler:Internal_Log (UnityEngine.LogType,UnityEngine.LogOption,string,UnityEngine.Object)
UnityEngine.DebugLogHandler:LogFormat (UnityEngine.LogType,UnityEngine.Object,string,object[])
UnityEngine.Logger:Log (UnityEngine.LogType,object)
UnityEngine.Debug:Log (object)
RunnerReview:Run () (at Assets/Editor/UnityRunnerReview.cs:116)

(Filename: Assets/Editor/UnityRunnerReview.cs Line: 116)

Batchmode quit successfully invoked - shutting down!
Killing ADB server in 2,1508224 seconds.
[Physics::Module] Cleanup current backend.
[Physics::Module] Id: 0xf2b8ea05
Input System module state changed to: ShutdownInProgress.
Input System polling thread exited.
Input System module state changed to: Shutdown.
[Licensing::IpcConnector] LicenseClient-user-notifications channel disconnected successfully.
[Licensing::IpcConnector] LicenseClient-user channel disconnected successfully.
AcceleratorClientConnectionCallback - disconnected - :0
Cleanup mono
Exiting batchmode successfully now!
Exiting without the bug reporter. Application will terminate with return code 0